
MR GILEAD@DESKTOP-6PEQHM3 MINGW64 ~/desktop/altschool-cloud (main)
$ vagrant up
Bringing machine 'slave_1' up with 'virtualbox' provider...
Bringing machine 'master' up with 'virtualbox' provider...
==> slave_1: Checking if box 'ubuntu/focal64' version '20230915.0.0' is up to date...
==> slave_1: Machine already provisioned. Run `vagrant provision` or use the `--provision`
==> slave_1: flag to force provisioning. Provisioners marked to run always will still run.
==> master: Checking if box 'ubuntu/focal64' version '20230915.0.0' is up to date...
==> master: Machine already provisioned. Run `vagrant provision` or use the `--provision`
==> master: flag to force provisioning. Provisioners marked to run always will still run.

MR GILEAD@DESKTOP-6PEQHM3 MINGW64 ~/desktop/altschool-cloud (main)
$ vagrant ssh master
Welcome to Ubuntu 20.04.6 LTS (GNU/Linux 5.4.0-162-generic x86_64)

 * Documentation:  https://help.ubuntu.com
 * Management:     https://landscape.canonical.com
 * Support:        https://ubuntu.com/advantage

  System information as of Sat Oct 21 22:34:24 UTC 2023

  System load:  0.2               Processes:               119
  Usage of /:   4.8% of 38.70GB   Users logged in:         0
  Memory usage: 26%               IPv4 address for enp0s3: 10.0.2.15
  Swap usage:   0%                IPv4 address for enp0s8: 192.168.20.10


Expanded Security Maintenance for Applications is not enabled.

0 updates can be applied immediately.

Enable ESM Apps to receive additional future security updates.
See https://ubuntu.com/esm or run: sudo pro status

New release '22.04.3 LTS' available.
Run 'do-release-upgrade' to upgrade to it.


*** System restart required ***
Last login: Sat Oct 21 22:26:12 2023 from 10.0.2.2
vagrant@master:~$ exit
logout

MR GILEAD@DESKTOP-6PEQHM3 MINGW64 ~/desktop/altschool-cloud (main)
$ vagrant ssh slave_1
Welcome to Ubuntu 20.04.6 LTS (GNU/Linux 5.4.0-162-generic x86_64)

 * Documentation:  https://help.ubuntu.com
 * Management:     https://landscape.canonical.com
 * Support:        https://ubuntu.com/advantage

  System information as of Sat Oct 21 22:37:28 UTC 2023

  System load:  0.08              Processes:               119
  Usage of /:   4.8% of 38.70GB   Users logged in:         0
  Memory usage: 32%               IPv4 address for enp0s3: 10.0.2.15
  Swap usage:   0%                IPv4 address for enp0s8: 192.168.20.11

 * Strictly confined Kubernetes makes edge and IoT secure. Learn how MicroK8s
   just raised the bar for easy, resilient and secure K8s cluster deployment.

   https://ubuntu.com/engage/secure-kubernetes-at-the-edge

Expanded Security Maintenance for Applications is not enabled.

0 updates can be applied immediately.

Enable ESM Apps to receive additional future security updates.
See https://ubuntu.com/esm or run: sudo pro status

New release '22.04.3 LTS' available.
Run 'do-release-upgrade' to upgrade to it.


*** System restart required ***
vagrant@slave-1:~$ exit
logout

MR GILEAD@DESKTOP-6PEQHM3 MINGW64 ~/desktop/altschool-cloud (main)
$ ls
'Ansible playbook'/   ansible.cfg       inventory.unknown   master-slave.sh*
 Vagrantfile          bash-script.sh*   laravel-slave.sh*   site.yaml

MR GILEAD@DESKTOP-6PEQHM3 MINGW64 ~/desktop/altschool-cloud (main)
$ vagrant ssh master
Welcome to Ubuntu 20.04.6 LTS (GNU/Linux 5.4.0-162-generic x86_64)

 * Documentation:  https://help.ubuntu.com
 * Management:     https://landscape.canonical.com
 * Support:        https://ubuntu.com/advantage

  System information as of Sat Oct 21 22:42:22 UTC 2023

  System load:  0.0               Processes:               118
  Usage of /:   4.8% of 38.70GB   Users logged in:         0
  Memory usage: 26%               IPv4 address for enp0s3: 10.0.2.15
  Swap usage:   0%                IPv4 address for enp0s8: 192.168.20.10


Expanded Security Maintenance for Applications is not enabled.

0 updates can be applied immediately.
#0 {main}
  thrown in /var/www/html/laravel/artisan on line 18
PHP Warning:  require(/var/www/html/laravel/vendor/autoload.php): Failed to open stream: No such file or directory in /var/www/html/laravel/artisan on line 18
PHP Fatal error:  Uncaught Error: Failed opening required '/var/www/html/laravel/vendor/autoload.php' (include_path='.:/usr/share/php') in /var/www/html/laravel/artisan:18
Stack trace:
#0 {main}
  thrown in /var/www/html/laravel/artisan on line 18
root@master:/vagrant# ls
'Ansible playbook'   ansible.cfg      inventory.unknown   master-slave.sh
 Vagrantfile         bash-script.sh   laravel-slave.sh    site.yaml
root@master:/vagrant# cp laravel-slave.sh ~/
root@master:/vagrant# ls
'Ansible playbook'   ansible.cfg      inventory.unknown   master-slave.sh
 Vagrantfile         bash-script.sh   laravel-slave.sh    site.yaml

 Vagrantfile         bash-script.sh   laravel-slave.sh    site.yaml
root@master:/vagrant# cd ~
root@master:~# ssh-keygen
Generating public/private rsa key pair.
Enter file in which to save the key (/root/.ssh/id_rsa):
Enter passphrase (empty for no passphrase):
Enter same passphrase again:
Your identification has been saved in /root/.ssh/id_rsa
Your public key has been saved in /root/.ssh/id_rsa.pub
The key fingerprint is:
SHA256:xKZ0L/8ol8vV93b0Si5eNIO25SMWE8tz6tqGCp8dqgs root@master
The key's randomart image is:
+---[RSA 3072]----+
|                 |
|       .         |
|      . =   .    |
|     . = . . +   |
|      . S . O *  |
|         o . % o.|
|    E .   oo* *.o|
|     . o.=+Oo= o=|
|      oo=+*==.ooo|
+----[SHA256]-----+
root@master:~# cat /root/ .ssh/id_rsa.pub
cat: /root/: Is a directory
ssh-rsa AAAAB3NzaC1yc2EAAAADAQABAAABgQDQxxVeIl13XQoCpZLE8T8Uyt7fahtKk29DBm/8Tzl5Q8avkvDxtuRPGa8V/TEh5lK/GAm80DjixiaisZbfsUR2+PNcFbpwWIpIO7Kxqowhzd0DqbuAjzSjmBEH2OrkZ1cRtM1nbO4WXBZGRUl7osBV4i+FvEhLtA/SMpIhy1maa3cYiafN8/rMTpcNGoN6nBwBOaQFhZgUdWzOU9uyrbcXHXUlg0OUVeNkPqgPw+AiwSftW7AuHxPDkc47unDcVjLRzlfCPnvX4uYtqAL5pYDhgQxTfv4ZvXtbUuDepegiWHxNw9G1+P1vPCqs+H05Py1dksM6kK3kNWaLdUV1Ix6PebakfhrEX4tBEyFqLdTfyCZlBU1n3T98NZHoTopdb5QFVWj6FXRySvbngjDeB5WHHmaI6WjKT7YIn9PmyMSyU8aa+1LGaWWhCQXvOOpXpl9T2Ww2ob7stn5atkCbPrfJIojDrOvXgM5tfRTA8bJjbLXrME94kwzqxRDCWEKTSK8= root@master
root@master:~# cd desktop
bash: cd: desktop: No such file or directory
root@master:~# cd ~/.ssh
root@master:~/.ssh# nano authorized_key
root@master:~/.ssh#
root@master:~# cd desktop
bash: cd: desktop: No such file or directory
root@master:~# cd ~/.ssh
root@master:~/.ssh# nano authorized_key
root@master:~/.ssh# cd ..
root@master:~# ssh root@196.168.20.11
exit

logout
ssh: connect to host 196.168.20.11 port 22: Connection timed out
root@master:~# exit
exit
vagrant@master:/vagrant$
vagrant@master:/vagrant$ logout

MR GILEAD@DESKTOP-6PEQHM3 MINGW64 ~/desktop/altschool-cloud (main)
$

root@master:/vagrant# cd ~
root@master:~# ls
laravel-slave.sh  snap
root@master:~# ls
laravel-slave.sh  snap
root@master:~# ../laravel-slave.sh gilead1 gilead14
bash: ../laravel-slave.sh: No such file or directory
root@master:~# ../laravel-slave.sh gilead1 gilead14
bash: ../laravel-slave.sh: No such file or directory
root@master:~# .. /laravel-slave.sh gilead1 gilead14
..: command not found
root@master:~# ./laravel-slave.sh gilead1 gilead14
Hit:1 http://archive.ubuntu.com/ubuntu focal InRelease
Hit:2 http://security.ubuntu.com/ubuntu focal-security InRelease
Hit:3 http://ppa.launchpad.net/ondrej/php/ubuntu focal InRelease
Hit:4 http://archive.ubuntu.com/ubuntu focal-updates InRelease
Hit:5 http://archive.ubuntu.com/ubuntu focal-backports InRelease
Reading package lists... Done
Building dependency tree
Reading state information... Done
5 packages can be upgraded. Run 'apt list --upgradable' to see them.
Reading package lists... Done
Building dependency tree
Reading state information... Done
Calculating upgrade... Done
#
# Canonical released microcode updates for both Intel (CVE-2022-40982) and AMD
# (CVE-2023-20593). ‘Unattended upgrades’ provide security updates by default.
# Ensure it remains enabled to always get all updates as they become available.
#
The following packages will be upgraded:
  libargon2-1 libidn2-0 libpcre3 libxml2 libzstd1
5 upgraded, 0 newly installed, 0 to remove and 0 not upgraded.
Need to get 1361 kB of archives.
After this operation, 222 kB of additional disk space will be used.
Get:1 http://ppa.launchpad.net/ondrej/php/ubuntu focal/main amd64 libpcre3 amd64 2:8.45-1+ubuntu20.04.1+deb.sury.org+1 [240 kB]
Get:2 http://ppa.launchpad.net/ondrej/php/ubuntu focal/main amd64 libidn2-0 amd64 2.3.0-1+ubuntu20.04.1+deb.sury.org+2 [68.7 kB]
Get:3 http://ppa.launchpad.net/ondrej/php/ubuntu focal/main amd64 libzstd1 amd64 1.4.8+dfsg-2+ubuntu20.04.1+deb.sury.org+4 [318 kB]
Get:4 http://ppa.launchpad.net/ondrej/php/ubuntu focal/main amd64 libargon2-1 amd64 0~20190702-0.1+ubuntu20.04.1+deb.sury.org+1 [19.5 kB]
Get:5 http://ppa.launchpad.net/ondrej/php/ubuntu focal/main amd64 libxml2 amd64 2.9.14+dfsg-0.1+ubuntu20.04.1+d

  - Installing monolog/monolog (3.4.0): Extracting archive
  - Installing league/mime-type-detection (1.14.0): Extracting archive
  - Installing league/flysystem (3.18.0): Extracting archive
  - Installing league/flysystem-local (3.18.0): Extracting archive
  - Installing nette/utils (v4.0.2): Extracting archive
  - Installing nette/schema (v1.2.5): Extracting archive
  - Installing dflydev/dot-access-data (v3.0.2): Extracting archive
  - Installing league/config (v1.2.0): Extracting archive
  - Installing league/commonmark (2.4.1): Extracting archive
  - Installing laravel/serializable-closure (v1.3.1): Extracting archive
  - Installing laravel/prompts (v0.1.11): Extracting archive
  - Installing laravel/framework (v10.28.0): Extracting archive
  - Installing laravel/sanctum (v3.3.1): Extracting archive
  - Installing nikic/php-parser (v4.17.1): Extracting archive
  - Installing psy/psysh (v0.11.22): Extracting archive
  - Installing laravel/tinker (v2.8.2): Extracting archive
57 package suggestions were added by new dependencies, use `composer suggest` to see details.
Generating optimized autoload files
> Illuminate\Foundation\ComposerScripts::postAutoloadDump
> @php artisan package:discover --ansi

   INFO  Discovering packages.

  laravel/sanctum ....................................................... DONE
  laravel/tinker ........................................................ DONE
  nesbot/carbon ......................................................... DONE
  nunomaduro/termwind ................................................... DONE

52 packages you are using are looking for funding.
Use the `composer fund` command to find out more!
> @php artisan vendor:publish --tag=laravel-assets --ansi --force

   INFO  No publishable resources for tag [laravel-assets].


   INFO  Application key set successfully.

Creating MySQL user and database
MySQL user and database created.
Username:   gilead1
Database:   gilead1
Password:   gilead14

   INFO  Configuration cached successfully.


   INFO  Preparing database.

  Creating migration table ........................................................................ 36ms DONE

   INFO  Running migrations.

  2014_10_12_000000_create_users_table ............................................................ 67ms DONE
  2014_10_12_100000_create_password_reset_tokens_table ............................................ 67ms DONE
  2019_08_19_000000_create_failed_jobs_table ...................................................... 57ms DONE
  2019_12_14_000001_create_personal_access_tokens_table ........................................... 87ms DONE

root@master:~#
